Stm32_F103C6_exti_driver.c:40:6:Enable_NVIC	16	static
Stm32_F103C6_exti_driver.c:78:6:Disable_NVIC	16	static
Stm32_F103C6_exti_driver.c:117:6:Update_EXTI	24	static
Stm32_F103C6_exti_driver.c:195:6:MCAL_EXTI_GPIO_DeInit	4	static
Stm32_F103C6_exti_driver.c:227:6:MCAL_EXTI_GPIO_Init	16	static
Stm32_F103C6_exti_driver.c:245:6:MCAL_EXTI_GPIO_Update	16	static
Stm32_F103C6_exti_driver.c:261:6:EXTI0_IRQHandler	8	static
Stm32_F103C6_exti_driver.c:267:6:EXTI1_IRQHandler	8	static
Stm32_F103C6_exti_driver.c:273:6:EXTI2_IRQHandler	8	static
Stm32_F103C6_exti_driver.c:279:6:EXTI3_IRQHandler	8	static
Stm32_F103C6_exti_driver.c:285:6:EXTI4_IRQHandler	8	static
Stm32_F103C6_exti_driver.c:291:6:EXTI9_5_IRQHandler	8	static
Stm32_F103C6_exti_driver.c:300:6:EXTI15_10_IRQHandler	8	static
