
Allocating common symbols
Common symbol       size              file

ALARM_DRIVER_state  0x4               alarmDriver.o
alarmDriver_state_id
                    0x1               alarmDriver.o
alarmMonitor_state_id
                    0x1               alarmMonitor.o
mainAlg_state_id    0x1               main.o
pressureDriver_state_id
                    0x1               main.o
MAIN_ALG_state      0x4               mainAlg.o
PRESSURE_state      0x4               pressureDriver.o
ALARM_MONITOR_state
                    0x4               alarmMonitor.o

Memory Configuration

Name             Origin             Length             Attributes
flash            0x08000000         0x00020000         xr
sram             0x20000000         0x00005000         xrw
*default*        0x00000000         0xffffffff

Linker script and memory map


.text           0x08000000      0x4f0
 *(.vectors*)
 .vectors       0x08000000       0x1c startup.o
                0x08000000                vectors_arr
 *(.text*)
 .text          0x0800001c       0xd0 alarmDriver.o
                0x0800001c                alarmDriver_init
                0x0800002c                startTimer
                0x08000050                stopTimer
                0x08000074                ST_ALARM_DRIVER_alarmON
                0x080000a4                ST_ALARM_DRIVER_alarmOFF
                0x080000d4                ST_ALARM_DRIVER_waiting
 .text          0x080000ec       0xb8 alarmMonitor.o
                0x080000ec                highPressureDetected
                0x08000108                ST_ALARM_MONITOR_alarmON
                0x08000134                ST_ALARM_MONITOR_alarmOFF
                0x08000160                ST_ALARM_MONITOR_waiting
 .text          0x080001a4      0x10c driver.o
                0x080001a4                Delay
                0x080001c8                getPressureVal
                0x080001e0                Set_Alarm_actuator
                0x08000230                GPIO_INITIALIZATION
 .text          0x080002b0       0x98 main.o
                0x080002b0                setup
                0x0800030c                main
 .text          0x08000348       0x64 mainAlg.o
                0x08000348                readPressureValue
                0x08000368                ST_MAIN_ALG_highPressureDetect
 .text          0x080003ac       0x88 pressureDriver.o
                0x080003ac                pressure_init
                0x080003b8                ST_PRESSURE_reading
                0x08000400                ST_PRESSURE_waiting
 .text          0x08000434       0xbc startup.o
                0x08000434                Bus_fault
                0x08000434                MM_fault_Handler
                0x08000434                Usage_fault_Handler
                0x08000434                H_fault_Handler
                0x08000434                Default_Handler
                0x08000434                NMI_Handler
                0x08000440                Reset_Handler
 *(.rodata*)
                0x080004f0                _E_text = .

.glue_7         0x080004f0        0x0
 .glue_7        0x00000000        0x0 linker stubs

.glue_7t        0x080004f0        0x0
 .glue_7t       0x00000000        0x0 linker stubs

.vfp11_veneer   0x080004f0        0x0
 .vfp11_veneer  0x00000000        0x0 linker stubs

.v4_bx          0x080004f0        0x0
 .v4_bx         0x00000000        0x0 linker stubs

.iplt           0x080004f0        0x0
 .iplt          0x00000000        0x0 alarmDriver.o

.rel.dyn        0x080004f0        0x0
 .rel.iplt      0x00000000        0x0 alarmDriver.o

.data           0x20000000        0x8 load address 0x080004f0
                0x20000000                _S_data = .
 *(.data*)
 .data          0x20000000        0x0 alarmDriver.o
 .data          0x20000000        0x4 alarmMonitor.o
                0x20000000                alarmDuration
 .data          0x20000004        0x0 driver.o
 .data          0x20000004        0x0 main.o
 .data          0x20000004        0x4 mainAlg.o
 .data          0x20000008        0x0 pressureDriver.o
 .data          0x20000008        0x0 startup.o
                0x20000008                _E_data = .

.igot.plt       0x20000008        0x0 load address 0x080004f8
 .igot.plt      0x00000000        0x0 alarmDriver.o

.bss            0x20000008     0x1424 load address 0x080004f8
                0x20000008                _S_bss = .
 *(.bss*)
 .bss           0x20000008        0x0 alarmDriver.o
 .bss           0x20000008        0x0 alarmMonitor.o
 .bss           0x20000008        0x0 driver.o
 .bss           0x20000008        0x0 main.o
 .bss           0x20000008        0x4 mainAlg.o
 .bss           0x2000000c        0x4 pressureDriver.o
 .bss           0x20000010      0x400 startup.o
                0x20000410                . = ALIGN (0x4)
                0x20000410                _E_bss = .
                0x20000410                . = ALIGN (0x4)
                0x20001410                . = (. + 0x1000)
 *fill*         0x20000410     0x1000 
                0x20001410                _stack_top = .
 COMMON         0x20001410        0x5 alarmDriver.o
                0x20001410                ALARM_DRIVER_state
                0x20001414                alarmDriver_state_id
 *fill*         0x20001415        0x3 
 COMMON         0x20001418        0x8 alarmMonitor.o
                0x20001418                alarmMonitor_state_id
                0x2000141c                ALARM_MONITOR_state
 COMMON         0x20001420        0x2 main.o
                0x20001420                mainAlg_state_id
                0x20001421                pressureDriver_state_id
 *fill*         0x20001422        0x2 
 COMMON         0x20001424        0x4 mainAlg.o
                0x20001424                MAIN_ALG_state
 COMMON         0x20001428        0x4 pressureDriver.o
                0x20001428                PRESSURE_state
LOAD alarmDriver.o
LOAD alarmMonitor.o
LOAD driver.o
LOAD main.o
LOAD mainAlg.o
LOAD pressureDriver.o
LOAD startup.o
OUTPUT(FirstTermProject1.elf elf32-littlearm)

.debug_info     0x00000000      0x921
 .debug_info    0x00000000      0x155 alarmDriver.o
 .debug_info    0x00000155      0x13d alarmMonitor.o
 .debug_info    0x00000292      0x103 driver.o
 .debug_info    0x00000395      0x199 main.o
 .debug_info    0x0000052e      0x134 mainAlg.o
 .debug_info    0x00000662      0x12b pressureDriver.o
 .debug_info    0x0000078d      0x194 startup.o

.debug_abbrev   0x00000000      0x4ba
 .debug_abbrev  0x00000000       0xac alarmDriver.o
 .debug_abbrev  0x000000ac       0x94 alarmMonitor.o
 .debug_abbrev  0x00000140       0x9d driver.o
 .debug_abbrev  0x000001dd       0xa5 main.o
 .debug_abbrev  0x00000282       0xc3 mainAlg.o
 .debug_abbrev  0x00000345       0xb0 pressureDriver.o
 .debug_abbrev  0x000003f5       0xc5 startup.o

.debug_loc      0x00000000      0x424
 .debug_loc     0x00000000      0x108 alarmDriver.o
 .debug_loc     0x00000108       0xb0 alarmMonitor.o
 .debug_loc     0x000001b8       0xc8 driver.o
 .debug_loc     0x00000280       0x58 main.o
 .debug_loc     0x000002d8       0x64 mainAlg.o
 .debug_loc     0x0000033c       0x84 pressureDriver.o
 .debug_loc     0x000003c0       0x64 startup.o

.debug_aranges  0x00000000       0xe0
 .debug_aranges
                0x00000000       0x20 alarmDriver.o
 .debug_aranges
                0x00000020       0x20 alarmMonitor.o
 .debug_aranges
                0x00000040       0x20 driver.o
 .debug_aranges
                0x00000060       0x20 main.o
 .debug_aranges
                0x00000080       0x20 mainAlg.o
 .debug_aranges
                0x000000a0       0x20 pressureDriver.o
 .debug_aranges
                0x000000c0       0x20 startup.o

.debug_line     0x00000000      0x34e
 .debug_line    0x00000000       0x63 alarmDriver.o
 .debug_line    0x00000063       0x60 alarmMonitor.o
 .debug_line    0x000000c3       0x99 driver.o
 .debug_line    0x0000015c       0x9d main.o
 .debug_line    0x000001f9       0x62 mainAlg.o
 .debug_line    0x0000025b       0x74 pressureDriver.o
 .debug_line    0x000002cf       0x7f startup.o

.debug_str      0x00000000      0x498
 .debug_str     0x00000000      0x19e alarmDriver.o
                                0x1d7 (size before relaxing)
 .debug_str     0x0000019e       0xe8 alarmMonitor.o
                                0x1dd (size before relaxing)
 .debug_str     0x00000286       0x55 driver.o
                                0x13d (size before relaxing)
 .debug_str     0x000002db       0x96 main.o
                                0x25a (size before relaxing)
 .debug_str     0x00000371       0x59 mainAlg.o
                                0x189 (size before relaxing)
 .debug_str     0x000003ca       0x47 pressureDriver.o
                                0x191 (size before relaxing)
 .debug_str     0x00000411       0x87 startup.o
                                0x16a (size before relaxing)

.comment        0x00000000       0x11
 .comment       0x00000000       0x11 alarmDriver.o
                                 0x12 (size before relaxing)
 .comment       0x00000000       0x12 alarmMonitor.o
 .comment       0x00000000       0x12 driver.o
 .comment       0x00000000       0x12 main.o
 .comment       0x00000000       0x12 mainAlg.o
 .comment       0x00000000       0x12 pressureDriver.o
 .comment       0x00000000       0x12 startup.o

.ARM.attributes
                0x00000000       0x33
 .ARM.attributes
                0x00000000       0x33 alarmDriver.o
 .ARM.attributes
                0x00000033       0x33 alarmMonitor.o
 .ARM.attributes
                0x00000066       0x33 driver.o
 .ARM.attributes
                0x00000099       0x33 main.o
 .ARM.attributes
                0x000000cc       0x33 mainAlg.o
 .ARM.attributes
                0x000000ff       0x33 pressureDriver.o
 .ARM.attributes
                0x00000132       0x33 startup.o

.debug_frame    0x00000000      0x2e4
 .debug_frame   0x00000000       0xb4 alarmDriver.o
 .debug_frame   0x000000b4       0x7c alarmMonitor.o
 .debug_frame   0x00000130       0x78 driver.o
 .debug_frame   0x000001a8       0x48 main.o
 .debug_frame   0x000001f0       0x48 mainAlg.o
 .debug_frame   0x00000238       0x60 pressureDriver.o
 .debug_frame   0x00000298       0x4c startup.o
